// Jest Snapshot v1, https://goo.gl/fbAQLP

exports[`Command-mocked getExperiments matches a snapshot when parsed 1`] = `
Object {
  "42b8736b08170529903cd203a1f40382a4b4a8cd": Object {
    "baseline": Object {
      "metrics": Object {
        "summary.json": Object {
          "accuracy": 0.4668000042438507,
          "loss": 1.9293040037155151,
          "val_accuracy": 0.5608000159263611,
          "val_loss": 1.8770883083343506,
        },
      },
      "name": "test-branch",
      "params": Object {
        "params.yaml": Object {
          "dropout": 0.122,
          "dvc_logs_dir": "dvc_logs",
          "epochs": 2,
          "learning_rate": 2.2e-7,
          "log_file": "logs.csv",
          "process": Object {
            "test_arg": "string",
            "threshold": 0.86,
          },
        },
      },
      "queued": false,
      "timestamp": "2020-12-29T15:28:59",
    },
    "d3f4a0d3661c5977540d2205d819470cf0d2145a": Object {
      "checkpoint_parent": "f0778b3eb6a390d6f6731c735a2a4561d1792c3a",
      "checkpoint_tip": "d3f4a0d3661c5977540d2205d819470cf0d2145a",
      "metrics": Object {
        "summary.json": Object {
          "accuracy": 0.5672000050544739,
          "loss": 1.8168506622314453,
          "val_accuracy": 0.6463000178337097,
          "val_loss": 1.7643483877182007,
        },
      },
      "name": "exp-05694",
      "params": Object {
        "params.yaml": Object {
          "dropout": 0.122,
          "dvc_logs_dir": "dvc_logs",
          "epochs": 2,
          "learning_rate": 2.2e-7,
          "log_file": "logs.csv",
          "process": Object {
            "test_arg": "string",
            "threshold": 0.86,
          },
        },
      },
      "queued": false,
      "timestamp": "2021-01-14T10:58:00",
    },
    "f0778b3eb6a390d6f6731c735a2a4561d1792c3a": Object {
      "checkpoint_parent": "f81f1b5a1248b9d9f595fb53136298c69f908e66",
      "checkpoint_tip": "d3f4a0d3661c5977540d2205d819470cf0d2145a",
      "metrics": Object {
        "summary.json": Object {
          "accuracy": 0.5672000050544739,
          "loss": 1.8168506622314453,
          "val_accuracy": 0.6463000178337097,
          "val_loss": 1.7643483877182007,
        },
      },
      "params": Object {
        "params.yaml": Object {
          "dropout": 0.122,
          "dvc_logs_dir": "dvc_logs",
          "epochs": 2,
          "learning_rate": 2.2e-7,
          "log_file": "logs.csv",
          "process": Object {
            "test_arg": "string",
            "threshold": 0.86,
          },
        },
      },
      "queued": false,
      "timestamp": "2021-01-14T10:57:59",
    },
    "f81f1b5a1248b9d9f595fb53136298c69f908e66": Object {
      "checkpoint_parent": "42b8736b08170529903cd203a1f40382a4b4a8cd",
      "checkpoint_tip": "d3f4a0d3661c5977540d2205d819470cf0d2145a",
      "metrics": Object {
        "summary.json": Object {
          "accuracy": 0.5202666521072388,
          "loss": 1.8722929954528809,
          "val_accuracy": 0.6096000075340271,
          "val_loss": 1.8196595907211304,
        },
      },
      "params": Object {
        "params.yaml": Object {
          "dropout": 0.122,
          "dvc_logs_dir": "dvc_logs",
          "epochs": 2,
          "learning_rate": 2.2e-7,
          "log_file": "logs.csv",
          "process": Object {
            "test_arg": "string",
            "threshold": 0.86,
          },
        },
      },
      "queued": false,
      "timestamp": "2021-01-14T10:57:53",
    },
  },
  "53c3851f46955fa3e2b8f6e1c52999acc8c9ea77": Object {
    "1ba7bcd6ce6154e72e18b155475663ecbbd1f49d": Object {
      "checkpoint_parent": "22e40e1fa3c916ac567f69b85969e3066a91dda4",
      "checkpoint_tip": "1ba7bcd6ce6154e72e18b155475663ecbbd1f49d",
      "metrics": Object {
        "summary.json": Object {
          "accuracy": 0.5926499962806702,
          "loss": 1.775016188621521,
          "val_accuracy": 0.6704000234603882,
          "val_loss": 1.7233840227127075,
        },
      },
      "name": "exp-83425",
      "params": Object {
        "params.yaml": Object {
          "dropout": 0.124,
          "dvc_logs_dir": "dvc_logs",
          "epochs": 5,
          "learning_rate": 2.1e-7,
          "log_file": "logs.csv",
          "process": Object {
            "threshold": 0.85,
          },
        },
      },
      "queued": false,
      "timestamp": "2020-12-29T15:27:02",
    },
    "1ee5f2ecb0fa4d83cbf614386536344cf894dd53": Object {
      "checkpoint_parent": "53c3851f46955fa3e2b8f6e1c52999acc8c9ea77",
      "checkpoint_tip": "4fb124aebddb2adf1545030907687fa9a4c80e70",
      "metrics": Object {
        "summary.json": Object {
          "accuracy": 0.3723166584968567,
          "loss": 2.020392894744873,
          "val_accuracy": 0.4277999997138977,
          "val_loss": 1.9979370832443237,
        },
      },
      "params": Object {
        "params.yaml": Object {
          "dropout": 0.15,
          "dvc_logs_dir": "dvc_logs",
          "epochs": 2,
          "learning_rate": 2e-12,
          "log_file": "logs.csv",
          "process": Object {
            "test_arg": 3,
            "threshold": 0.86,
          },
        },
      },
      "queued": false,
      "timestamp": "2020-12-29T15:31:44",
    },
    "217312476f8854dda1865450b737eb6bc7a3ba1b": Object {
      "checkpoint_parent": "9523bde67538cf31230efaff2dbc47d38a944ab5",
      "checkpoint_tip": "42b8736b08170529903cd203a1f40382a4b4a8cd",
      "metrics": Object {
        "summary.json": Object {
          "accuracy": 0.4668000042438507,
          "loss": 1.9293040037155151,
          "val_accuracy": 0.5608000159263611,
          "val_loss": 1.8770883083343506,
        },
      },
      "params": Object {
        "params.yaml": Object {
          "dropout": 0.122,
          "dvc_logs_dir": "dvc_logs",
          "epochs": 2,
          "learning_rate": 2.2e-7,
          "log_file": "logs.csv",
          "process": Object {
            "test_arg": "string",
            "threshold": 0.86,
          },
        },
      },
      "queued": false,
      "timestamp": "2020-12-29T15:28:57",
    },
    "22e40e1fa3c916ac567f69b85969e3066a91dda4": Object {
      "checkpoint_parent": "91116c1eae4b79cb1f5ab0312dfd9b3e43608e15",
      "checkpoint_tip": "1ba7bcd6ce6154e72e18b155475663ecbbd1f49d",
      "metrics": Object {
        "summary.json": Object {
          "accuracy": 0.5926499962806702,
          "loss": 1.775016188621521,
          "val_accuracy": 0.6704000234603882,
          "val_loss": 1.7233840227127075,
        },
      },
      "params": Object {
        "params.yaml": Object {
          "dropout": 0.124,
          "dvc_logs_dir": "dvc_logs",
          "epochs": 5,
          "learning_rate": 2.1e-7,
          "log_file": "logs.csv",
          "process": Object {
            "threshold": 0.85,
          },
        },
      },
      "queued": false,
      "timestamp": "2020-12-29T15:27:01",
    },
    "23250b33e3d6dd0e136262d1d26a2face031cb03": Object {
      "checkpoint_parent": "53c3851f46955fa3e2b8f6e1c52999acc8c9ea77",
      "checkpoint_tip": "1ba7bcd6ce6154e72e18b155475663ecbbd1f49d",
      "metrics": Object {
        "summary.json": Object {
          "accuracy": 0.40904998779296875,
          "loss": 1.9896177053451538,
          "val_accuracy": 0.49399998784065247,
          "val_loss": 1.9391471147537231,
        },
      },
      "params": Object {
        "params.yaml": Object {
          "dropout": 0.124,
          "dvc_logs_dir": "dvc_logs",
          "epochs": 5,
          "learning_rate": 2.1e-7,
          "log_file": "logs.csv",
          "process": Object {
            "threshold": 0.85,
          },
        },
      },
      "queued": false,
      "timestamp": "2020-12-29T15:26:36",
    },
    "42b8736b08170529903cd203a1f40382a4b4a8cd": Object {
      "checkpoint_parent": "217312476f8854dda1865450b737eb6bc7a3ba1b",
      "checkpoint_tip": "42b8736b08170529903cd203a1f40382a4b4a8cd",
      "metrics": Object {
        "summary.json": Object {
          "accuracy": 0.4668000042438507,
          "loss": 1.9293040037155151,
          "val_accuracy": 0.5608000159263611,
          "val_loss": 1.8770883083343506,
        },
      },
      "name": "test-branch",
      "params": Object {
        "params.yaml": Object {
          "dropout": 0.122,
          "dvc_logs_dir": "dvc_logs",
          "epochs": 2,
          "learning_rate": 2.2e-7,
          "log_file": "logs.csv",
          "process": Object {
            "test_arg": "string",
            "threshold": 0.86,
          },
        },
      },
      "queued": false,
      "timestamp": "2020-12-29T15:28:59",
    },
    "4fb124aebddb2adf1545030907687fa9a4c80e70": Object {
      "checkpoint_parent": "d1343a87c6ee4a2e82d19525964d2fb2cb6756c9",
      "checkpoint_tip": "4fb124aebddb2adf1545030907687fa9a4c80e70",
      "metrics": Object {
        "summary.json": Object {
          "accuracy": 0.3724166750907898,
          "loss": 2.0205044746398926,
          "val_accuracy": 0.4277999997138977,
          "val_loss": 1.9979370832443237,
        },
      },
      "name": "exp-e7a67",
      "params": Object {
        "params.yaml": Object {
          "dropout": 0.15,
          "dvc_logs_dir": "dvc_logs",
          "epochs": 2,
          "learning_rate": 2e-12,
          "log_file": "logs.csv",
          "process": Object {
            "test_arg": 3,
            "threshold": 0.86,
          },
        },
      },
      "queued": false,
      "timestamp": "2020-12-29T15:31:52",
    },
    "90aea7f2482117a55dfcadcdb901aaa6610fbbc9": Object {
      "params": Object {
        "params.yaml": Object {
          "dropout": 0.124,
          "dvc_logs_dir": "dvc_logs",
          "epochs": 5,
          "learning_rate": 2.1e-7,
          "log_file": "logs.csv",
          "process": Object {
            "threshold": 0.85,
          },
        },
      },
      "queued": true,
      "timestamp": "2020-12-29T15:25:27",
    },
    "91116c1eae4b79cb1f5ab0312dfd9b3e43608e15": Object {
      "checkpoint_parent": "e821416bfafb4bc28b3e0a8ddb322505b0ad2361",
      "checkpoint_tip": "1ba7bcd6ce6154e72e18b155475663ecbbd1f49d",
      "metrics": Object {
        "summary.json": Object {
          "accuracy": 0.557449996471405,
          "loss": 1.8261293172836304,
          "val_accuracy": 0.6414999961853027,
          "val_loss": 1.7749212980270386,
        },
      },
      "params": Object {
        "params.yaml": Object {
          "dropout": 0.124,
          "dvc_logs_dir": "dvc_logs",
          "epochs": 5,
          "learning_rate": 2.1e-7,
          "log_file": "logs.csv",
          "process": Object {
            "threshold": 0.85,
          },
        },
      },
      "queued": false,
      "timestamp": "2020-12-29T15:26:55",
    },
    "9523bde67538cf31230efaff2dbc47d38a944ab5": Object {
      "checkpoint_parent": "53c3851f46955fa3e2b8f6e1c52999acc8c9ea77",
      "checkpoint_tip": "42b8736b08170529903cd203a1f40382a4b4a8cd",
      "metrics": Object {
        "summary.json": Object {
          "accuracy": 0.4083833396434784,
          "loss": 1.9882521629333496,
          "val_accuracy": 0.4970000088214874,
          "val_loss": 1.9363881349563599,
        },
      },
      "params": Object {
        "params.yaml": Object {
          "dropout": 0.122,
          "dvc_logs_dir": "dvc_logs",
          "epochs": 2,
          "learning_rate": 2.2e-7,
          "log_file": "logs.csv",
          "process": Object {
            "test_arg": "string",
            "threshold": 0.86,
          },
        },
      },
      "queued": false,
      "timestamp": "2020-12-29T15:28:50",
    },
    "baseline": Object {
      "metrics": Object {
        "summary.json": Object {
          "accuracy": 0.3484833240509033,
          "loss": 2.048856019973755,
          "val_accuracy": 0.4277999997138977,
          "val_loss": 1.9979369640350342,
        },
      },
      "name": "master",
      "params": Object {
        "params.yaml": Object {
          "dropout": 0.124,
          "dvc_logs_dir": "dvc_logs",
          "epochs": 5,
          "learning_rate": 2.1e-7,
          "log_file": "logs.csv",
          "process": Object {
            "threshold": 0.85,
          },
        },
      },
      "queued": false,
      "timestamp": "2020-11-21T19:58:22",
    },
    "c658f8b14ac819ac2a5ea0449da6c15dbe8eb880": Object {
      "checkpoint_parent": "23250b33e3d6dd0e136262d1d26a2face031cb03",
      "checkpoint_tip": "1ba7bcd6ce6154e72e18b155475663ecbbd1f49d",
      "metrics": Object {
        "summary.json": Object {
          "accuracy": 0.46094998717308044,
          "loss": 1.9329891204833984,
          "val_accuracy": 0.5550000071525574,
          "val_loss": 1.8825950622558594,
        },
      },
      "params": Object {
        "params.yaml": Object {
          "dropout": 0.124,
          "dvc_logs_dir": "dvc_logs",
          "epochs": 5,
          "learning_rate": 2.1e-7,
          "log_file": "logs.csv",
          "process": Object {
            "threshold": 0.85,
          },
        },
      },
      "queued": false,
      "timestamp": "2020-12-29T15:26:43",
    },
    "d1343a87c6ee4a2e82d19525964d2fb2cb6756c9": Object {
      "checkpoint_parent": "1ee5f2ecb0fa4d83cbf614386536344cf894dd53",
      "checkpoint_tip": "4fb124aebddb2adf1545030907687fa9a4c80e70",
      "metrics": Object {
        "summary.json": Object {
          "accuracy": 0.3724166750907898,
          "loss": 2.0205044746398926,
          "val_accuracy": 0.4277999997138977,
          "val_loss": 1.9979370832443237,
        },
      },
      "params": Object {
        "params.yaml": Object {
          "dropout": 0.15,
          "dvc_logs_dir": "dvc_logs",
          "epochs": 2,
          "learning_rate": 2e-12,
          "log_file": "logs.csv",
          "process": Object {
            "test_arg": 3,
            "threshold": 0.86,
          },
        },
      },
      "queued": false,
      "timestamp": "2020-12-29T15:31:51",
    },
    "e821416bfafb4bc28b3e0a8ddb322505b0ad2361": Object {
      "checkpoint_parent": "c658f8b14ac819ac2a5ea0449da6c15dbe8eb880",
      "checkpoint_tip": "1ba7bcd6ce6154e72e18b155475663ecbbd1f49d",
      "metrics": Object {
        "summary.json": Object {
          "accuracy": 0.5113166570663452,
          "loss": 1.8798457384109497,
          "val_accuracy": 0.6035000085830688,
          "val_loss": 1.827923059463501,
        },
      },
      "params": Object {
        "params.yaml": Object {
          "dropout": 0.124,
          "dvc_logs_dir": "dvc_logs",
          "epochs": 5,
          "learning_rate": 2.1e-7,
          "log_file": "logs.csv",
          "process": Object {
            "threshold": 0.85,
          },
        },
      },
      "queued": false,
      "timestamp": "2020-12-29T15:26:49",
    },
  },
  "workspace": Object {
    "baseline": Object {
      "metrics": Object {
        "summary.json": Object {
          "accuracy": 0.4668000042438507,
          "loss": 1.9293040037155151,
          "val_accuracy": 0.5608000159263611,
          "val_loss": 1.8770883083343506,
        },
      },
      "params": Object {
        "params.yaml": Object {
          "dropout": 0.122,
          "dvc_logs_dir": "dvc_logs",
          "epochs": 2,
          "learning_rate": 2.2e-7,
          "log_file": "logs.csv",
          "process": Object {
            "test_arg": "string",
            "threshold": 0.86,
          },
        },
      },
      "queued": false,
      "timestamp": null,
    },
  },
}
`;

exports[`Command-mocked runExperiment matches a snapshot 1`] = `"This is test DVC log output"`;
